Loading data...
Train set shape: (150634, 77)
Test set shape: (16737, 76)
Preprocessing data...
Starting 5-Fold Stratified CV with CatBoostRegressor...
--- Fold 1 ---
0:	learn: 137626.9762799	test: 138479.2769904	best: 138479.2769904 (0)	total: 283ms	remaining: 14m 9s
100:	learn: 33809.6998053	test: 33660.1863165	best: 33660.1863165 (100)	total: 8.28s	remaining: 3m 57s
200:	learn: 28588.3192090	test: 28657.1054365	best: 28657.1054365 (200)	total: 14.8s	remaining: 3m 25s
300:	learn: 26107.1477459	test: 26450.9514705	best: 26450.9514705 (300)	total: 21.6s	remaining: 3m 13s
400:	learn: 24662.5269693	test: 25264.7126093	best: 25264.7126093 (400)	total: 28.6s	remaining: 3m 5s
500:	learn: 23746.9084288	test: 24557.7802364	best: 24557.7802364 (500)	total: 36.7s	remaining: 3m 3s
600:	learn: 23072.7354702	test: 24073.3927608	best: 24073.3927608 (600)	total: 46.1s	remaining: 3m 3s
700:	learn: 22501.6216590	test: 23686.2210968	best: 23686.2210968 (700)	total: 55.3s	remaining: 3m 1s
800:	learn: 22060.7174077	test: 23428.8032218	best: 23428.8032218 (800)	total: 1m 6s	remaining: 3m 3s
900:	learn: 21698.1309155	test: 23217.6478937	best: 23217.6478937 (900)	total: 1m 17s	remaining: 2m 59s
1000:	learn: 21383.1234562	test: 23035.4949484	best: 23035.4949484 (1000)	total: 1m 26s	remaining: 2m 53s
1100:	learn: 21093.9811051	test: 22891.2868170	best: 22891.2868170 (1100)	total: 1m 35s	remaining: 2m 45s
1200:	learn: 20862.7368839	test: 22798.0846175	best: 22798.0846175 (1200)	total: 1m 45s	remaining: 2m 37s
1300:	learn: 20639.3669317	test: 22697.1645773	best: 22697.1645773 (1300)	total: 1m 55s	remaining: 2m 30s
1400:	learn: 20430.8351274	test: 22617.8196887	best: 22617.8196887 (1400)	total: 2m 5s	remaining: 2m 23s
1500:	learn: 20241.5167386	test: 22552.7790205	best: 22552.7790205 (1500)	total: 2m 14s	remaining: 2m 14s
1600:	learn: 20059.9108271	test: 22498.0123907	best: 22498.0123907 (1600)	total: 2m 23s	remaining: 2m 5s
1700:	learn: 19900.9443556	test: 22443.4531805	best: 22443.4531805 (1700)	total: 2m 33s	remaining: 1m 57s
1800:	learn: 19740.3213652	test: 22406.3423425	best: 22404.7509261 (1799)	total: 2m 44s	remaining: 1m 49s
1900:	learn: 19588.6503558	test: 22367.4394121	best: 22367.4394121 (1900)	total: 2m 58s	remaining: 1m 42s
2000:	learn: 19444.2491957	test: 22328.5624726	best: 22328.5624726 (2000)	total: 3m 9s	remaining: 1m 34s
2100:	learn: 19306.6026197	test: 22293.7022662	best: 22293.7022662 (2100)	total: 3m 20s	remaining: 1m 25s
2200:	learn: 19177.3871982	test: 22263.1938587	best: 22263.1938587 (2200)	total: 3m 33s	remaining: 1m 17s
2300:	learn: 19050.8333726	test: 22235.2324214	best: 22234.8830868 (2299)	total: 3m 44s	remaining: 1m 8s
2400:	learn: 18925.7613331	test: 22211.0490365	best: 22211.0490365 (2400)	total: 3m 56s	remaining: 58.9s
2500:	learn: 18798.5499696	test: 22181.1652054	best: 22180.0220588 (2497)	total: 4m 8s	remaining: 49.6s
2600:	learn: 18685.5287036	test: 22166.0535512	best: 22166.0535512 (2600)	total: 4m 23s	remaining: 40.5s
2700:	learn: 18571.1369197	test: 22149.8681206	best: 22149.8179371 (2699)	total: 4m 34s	remaining: 30.4s
2800:	learn: 18462.3860619	test: 22137.6076088	best: 22137.6076088 (2800)	total: 4m 44s	remaining: 20.2s
2900:	learn: 18345.9127117	test: 22115.3874678	best: 22115.3874678 (2900)	total: 4m 53s	remaining: 10s
2999:	learn: 18242.4861034	test: 22103.0772942	best: 22103.0772942 (2999)	total: 5m 3s	remaining: 0us

bestTest = 22103.07729
bestIteration = 2999

Fold 1 RMSE: 22103.08
--- Fold 2 ---
0:	learn: 137717.7611307	test: 137514.8138645	best: 137514.8138645 (0)	total: 204ms	remaining: 10m 11s
100:	learn: 33688.8070954	test: 33257.5920047	best: 33257.5920047 (100)	total: 10.6s	remaining: 5m 3s
200:	learn: 28468.0091231	test: 28241.0248841	best: 28241.0248841 (200)	total: 20.9s	remaining: 4m 50s
300:	learn: 26053.4899881	test: 26071.7280304	best: 26071.7280304 (300)	total: 29.8s	remaining: 4m 27s
400:	learn: 24697.2945159	test: 24915.4472771	best: 24915.4472771 (400)	total: 39.9s	remaining: 4m 18s
500:	learn: 23832.1578465	test: 24227.2948100	best: 24227.2948100 (500)	total: 50.8s	remaining: 4m 13s
600:	learn: 23162.1616534	test: 23728.4372185	best: 23728.4372185 (600)	total: 1m 1s	remaining: 4m 5s
700:	learn: 22621.5816672	test: 23371.4339097	best: 23371.4339097 (700)	total: 1m 12s	remaining: 3m 57s
800:	learn: 22189.6296880	test: 23100.3165050	best: 23100.3165050 (800)	total: 1m 23s	remaining: 3m 47s
900:	learn: 21808.4544486	test: 22878.7146207	best: 22878.7146207 (900)	total: 1m 32s	remaining: 3m 34s
1000:	learn: 21499.6158671	test: 22715.8613869	best: 22715.8613869 (1000)	total: 1m 42s	remaining: 3m 23s
1100:	learn: 21230.0493690	test: 22584.2179568	best: 22584.2179568 (1100)	total: 1m 52s	remaining: 3m 13s
1200:	learn: 20983.7993088	test: 22471.7475472	best: 22471.7475472 (1200)	total: 2m 2s	remaining: 3m 3s
1300:	learn: 20758.5024355	test: 22381.6022428	best: 22381.6022428 (1300)	total: 2m 13s	remaining: 2m 53s
1400:	learn: 20549.6738609	test: 22293.3699942	best: 22293.3699942 (1400)	total: 2m 23s	remaining: 2m 43s
1500:	learn: 20354.9979670	test: 22214.3219545	best: 22214.3219545 (1500)	total: 2m 33s	remaining: 2m 33s
1600:	learn: 20178.6756229	test: 22155.6828999	best: 22155.6828999 (1600)	total: 2m 45s	remaining: 2m 24s
1700:	learn: 20013.7293472	test: 22103.1485091	best: 22103.1485091 (1700)	total: 2m 55s	remaining: 2m 14s
1800:	learn: 19854.4851533	test: 22049.1758945	best: 22049.1758945 (1800)	total: 3m 6s	remaining: 2m 4s
1900:	learn: 19698.1216532	test: 21996.8795471	best: 21996.8795471 (1900)	total: 3m 16s	remaining: 1m 53s
2000:	learn: 19549.2737838	test: 21954.9462790	best: 21954.9462790 (2000)	total: 3m 27s	remaining: 1m 43s
2100:	learn: 19418.6429800	test: 21918.1493783	best: 21918.1493783 (2100)	total: 3m 37s	remaining: 1m 32s
2200:	learn: 19286.4479020	test: 21890.2977475	best: 21890.2977475 (2200)	total: 3m 46s	remaining: 1m 22s
2300:	learn: 19150.3496635	test: 21865.3464334	best: 21865.3464334 (2300)	total: 3m 55s	remaining: 1m 11s
2400:	learn: 19031.4209946	test: 21840.7054608	best: 21840.5973838 (2397)	total: 4m 4s	remaining: 1m 1s
2500:	learn: 18907.1613224	test: 21807.1762353	best: 21807.1762353 (2500)	total: 4m 15s	remaining: 51s
2600:	learn: 18789.7772035	test: 21784.8032008	best: 21784.7838312 (2597)	total: 4m 27s	remaining: 41s
2700:	learn: 18683.6089318	test: 21762.8708005	best: 21762.7464616 (2697)	total: 4m 39s	remaining: 30.9s
2800:	learn: 18566.3492501	test: 21748.8527321	best: 21748.6013218 (2799)	total: 4m 50s	remaining: 20.6s
2900:	learn: 18460.4794862	test: 21726.4979441	best: 21726.0631388 (2896)	total: 5m	remaining: 10.3s
2999:	learn: 18353.9357612	test: 21707.8936498	best: 21707.8936498 (2999)	total: 5m 9s	remaining: 0us

bestTest = 21707.89365
bestIteration = 2999

Fold 2 RMSE: 21707.89
--- Fold 3 ---
0:	learn: 137695.0819250	test: 137200.5092191	best: 137200.5092191 (0)	total: 114ms	remaining: 5m 41s
100:	learn: 33505.0576009	test: 32792.8181772	best: 32792.8181772 (100)	total: 9.08s	remaining: 4m 20s
200:	learn: 28348.7781978	test: 27998.0421919	best: 27998.0421919 (200)	total: 18.1s	remaining: 4m 12s
300:	learn: 26016.9590048	test: 25959.1605799	best: 25959.1605799 (300)	total: 28.1s	remaining: 4m 11s
400:	learn: 24652.8716201	test: 24866.5873939	best: 24866.5873939 (400)	total: 37.7s	remaining: 4m 4s
500:	learn: 23742.0926556	test: 24164.3185053	best: 24164.3185053 (500)	total: 47.1s	remaining: 3m 55s
600:	learn: 23041.6591871	test: 23652.5215084	best: 23652.5215084 (600)	total: 56.6s	remaining: 3m 45s
700:	learn: 22521.9321275	test: 23317.5888799	best: 23317.5888799 (700)	total: 1m 5s	remaining: 3m 34s
800:	learn: 22115.0920462	test: 23070.4534577	best: 23070.4534577 (800)	total: 1m 14s	remaining: 3m 25s
900:	learn: 21768.2777614	test: 22881.9024206	best: 22881.9024206 (900)	total: 1m 24s	remaining: 3m 16s
1000:	learn: 21464.0454930	test: 22736.1305248	best: 22736.1305248 (1000)	total: 1m 35s	remaining: 3m 11s
1100:	learn: 21172.0747121	test: 22583.8420718	best: 22583.8420718 (1100)	total: 1m 50s	remaining: 3m 10s
1200:	learn: 20929.7362523	test: 22480.2159517	best: 22480.2159517 (1200)	total: 2m 4s	remaining: 3m 7s
1300:	learn: 20709.8033389	test: 22388.0363906	best: 22388.0363906 (1300)	total: 2m 17s	remaining: 2m 58s
1400:	learn: 20499.7719138	test: 22305.6823351	best: 22305.6823351 (1400)	total: 2m 30s	remaining: 2m 52s
1500:	learn: 20305.2758367	test: 22240.3516669	best: 22240.3516669 (1500)	total: 2m 42s	remaining: 2m 41s
1600:	learn: 20133.0394395	test: 22185.5207633	best: 22185.5207633 (1600)	total: 2m 52s	remaining: 2m 30s
1700:	learn: 19951.9254472	test: 22132.7081601	best: 22132.5157187 (1699)	total: 3m 2s	remaining: 2m 19s
1800:	learn: 19794.1711109	test: 22096.1439692	best: 22096.1439692 (1800)	total: 3m 12s	remaining: 2m 8s
1900:	learn: 19632.9981775	test: 22055.3332091	best: 22055.3161458 (1899)	total: 3m 22s	remaining: 1m 57s
2000:	learn: 19485.8621262	test: 22016.9893725	best: 22016.9893725 (2000)	total: 3m 35s	remaining: 1m 47s
2100:	learn: 19352.6860651	test: 21984.2399314	best: 21984.2399314 (2100)	total: 3m 45s	remaining: 1m 36s
2200:	learn: 19216.4287806	test: 21957.0479686	best: 21957.0479686 (2200)	total: 3m 54s	remaining: 1m 25s
2300:	learn: 19090.7581625	test: 21931.4115904	best: 21931.1528849 (2299)	total: 4m 4s	remaining: 1m 14s
2400:	learn: 18963.9394132	test: 21904.4513858	best: 21904.2296256 (2398)	total: 4m 12s	remaining: 1m 3s
2500:	learn: 18846.9004377	test: 21887.1252472	best: 21887.0997361 (2499)	total: 4m 21s	remaining: 52.3s
2600:	learn: 18730.5446292	test: 21868.9349443	best: 21868.9349443 (2600)	total: 4m 31s	remaining: 41.6s
2700:	learn: 18619.3450000	test: 21850.2040945	best: 21850.2040945 (2700)	total: 4m 41s	remaining: 31.1s
2800:	learn: 18509.1296605	test: 21830.8113446	best: 21830.6429339 (2798)	total: 4m 51s	remaining: 20.7s
2900:	learn: 18403.2266534	test: 21812.6211861	best: 21812.6075168 (2893)	total: 5m	remaining: 10.3s
2999:	learn: 18313.7258027	test: 21799.9066650	best: 21799.8927224 (2997)	total: 5m 9s	remaining: 0us

bestTest = 21799.89272
bestIteration = 2997

Shrink model to first 2998 iterations.
Fold 3 RMSE: 21799.89
--- Fold 4 ---
0:	learn: 137562.7672920	test: 137703.2490581	best: 137703.2490581 (0)	total: 121ms	remaining: 6m 1s
100:	learn: 33665.8009127	test: 33241.6312186	best: 33241.6312186 (100)	total: 9.1s	remaining: 4m 21s
200:	learn: 28431.9713165	test: 28355.9005878	best: 28355.9005878 (200)	total: 17.9s	remaining: 4m 8s
300:	learn: 26050.1833286	test: 26207.8044349	best: 26207.8044349 (300)	total: 26.9s	remaining: 4m 1s
400:	learn: 24646.8968833	test: 25029.6378215	best: 25029.6378215 (400)	total: 36.4s	remaining: 3m 56s
500:	learn: 23738.7387604	test: 24300.5118268	best: 24300.5118268 (500)	total: 46.1s	remaining: 3m 50s
600:	learn: 23064.3205009	test: 23806.1102192	best: 23806.1102192 (600)	total: 56s	remaining: 3m 43s
700:	learn: 22560.5963064	test: 23455.4249732	best: 23455.4249732 (700)	total: 1m 5s	remaining: 3m 35s
800:	learn: 22127.9815163	test: 23193.8784618	best: 23193.8784618 (800)	total: 1m 14s	remaining: 3m 23s
900:	learn: 21762.8699560	test: 22989.9892259	best: 22989.9892259 (900)	total: 1m 24s	remaining: 3m 15s
1000:	learn: 21438.4785838	test: 22811.6517590	best: 22811.6517590 (1000)	total: 1m 33s	remaining: 3m 5s
1100:	learn: 21171.0589491	test: 22680.2510135	best: 22680.2510135 (1100)	total: 1m 42s	remaining: 2m 56s
1200:	learn: 20926.4398161	test: 22566.7553395	best: 22566.7553395 (1200)	total: 1m 52s	remaining: 2m 48s
1300:	learn: 20707.4474902	test: 22475.3737497	best: 22475.3737497 (1300)	total: 2m 2s	remaining: 2m 39s
1400:	learn: 20508.3417420	test: 22399.2046049	best: 22399.1351703 (1399)	total: 2m 11s	remaining: 2m 30s
1500:	learn: 20324.0022967	test: 22331.5607993	best: 22331.5607993 (1500)	total: 2m 22s	remaining: 2m 22s
1600:	learn: 20153.8382303	test: 22272.7635785	best: 22272.7635785 (1600)	total: 2m 36s	remaining: 2m 17s
1700:	learn: 19969.6512306	test: 22201.2920645	best: 22201.2920645 (1700)	total: 2m 54s	remaining: 2m 13s
1800:	learn: 19800.8814060	test: 22157.5002359	best: 22157.5002359 (1800)	total: 3m 4s	remaining: 2m 3s
1900:	learn: 19641.5975908	test: 22111.8805037	best: 22111.8805037 (1900)	total: 3m 15s	remaining: 1m 52s
2000:	learn: 19486.4790320	test: 22067.6382363	best: 22067.6382363 (2000)	total: 3m 24s	remaining: 1m 41s
2100:	learn: 19328.8877791	test: 22020.2910361	best: 22020.2910361 (2100)	total: 3m 33s	remaining: 1m 31s
2200:	learn: 19196.9650116	test: 21990.5731419	best: 21990.5731419 (2200)	total: 3m 42s	remaining: 1m 20s
2300:	learn: 19066.2747431	test: 21959.6099202	best: 21959.6060816 (2297)	total: 3m 52s	remaining: 1m 10s
2400:	learn: 18943.6630310	test: 21933.5421351	best: 21933.5421351 (2400)	total: 4m 2s	remaining: 1m
2500:	learn: 18820.8646494	test: 21908.2806541	best: 21908.2806541 (2500)	total: 4m 11s	remaining: 50.2s
2600:	learn: 18700.0909274	test: 21889.5040765	best: 21889.2787151 (2598)	total: 4m 20s	remaining: 39.9s
2700:	learn: 18581.9972558	test: 21873.2951993	best: 21873.0665892 (2697)	total: 4m 29s	remaining: 29.8s
2800:	learn: 18471.2378974	test: 21852.7592849	best: 21852.7592849 (2800)	total: 4m 38s	remaining: 19.8s
2900:	learn: 18348.0589396	test: 21833.6182881	best: 21833.6182881 (2900)	total: 4m 48s	remaining: 9.84s
2999:	learn: 18246.3694875	test: 21815.9130013	best: 21815.7005158 (2998)	total: 4m 57s	remaining: 0us

bestTest = 21815.70052
bestIteration = 2998

Shrink model to first 2999 iterations.
Fold 4 RMSE: 21815.70
--- Fold 5 ---
0:	learn: 137473.9606321	test: 137100.4788787	best: 137100.4788787 (0)	total: 111ms	remaining: 5m 34s
100:	learn: 33907.5516009	test: 33001.5945012	best: 33001.5945012 (100)	total: 8.54s	remaining: 4m 5s
200:	learn: 28656.5436032	test: 28136.3753813	best: 28136.3753813 (200)	total: 17s	remaining: 3m 57s
300:	learn: 26196.8804802	test: 26026.8007921	best: 26026.8007921 (300)	total: 25.9s	remaining: 3m 52s
400:	learn: 24746.4438550	test: 24881.7900661	best: 24881.7900661 (400)	total: 34.9s	remaining: 3m 45s
500:	learn: 23810.3715490	test: 24197.6929811	best: 24197.6929811 (500)	total: 51.7s	remaining: 4m 18s
600:	learn: 23148.4801389	test: 23747.3332348	best: 23747.3332348 (600)	total: 1m 2s	remaining: 4m 7s
700:	learn: 22646.5103771	test: 23422.9792588	best: 23422.9792588 (700)	total: 1m 14s	remaining: 4m 4s
800:	learn: 22234.3918975	test: 23183.9277844	best: 23183.9277844 (800)	total: 1m 23s	remaining: 3m 48s
900:	learn: 21862.1269408	test: 22979.0056246	best: 22979.0056246 (900)	total: 1m 32s	remaining: 3m 34s
1000:	learn: 21565.7731720	test: 22821.8602150	best: 22821.8602150 (1000)	total: 1m 41s	remaining: 3m 22s
1100:	learn: 21274.7595513	test: 22687.8206170	best: 22687.8206170 (1100)	total: 1m 49s	remaining: 3m 8s
1200:	learn: 21005.0636082	test: 22572.4606525	best: 22572.4606525 (1200)	total: 1m 56s	remaining: 2m 54s
1300:	learn: 20774.8572793	test: 22481.6935388	best: 22481.6935388 (1300)	total: 2m 3s	remaining: 2m 40s
1400:	learn: 20560.0738235	test: 22410.2991525	best: 22410.2991525 (1400)	total: 2m 9s	remaining: 2m 28s
1500:	learn: 20363.7624416	test: 22342.1042649	best: 22342.1042649 (1500)	total: 2m 16s	remaining: 2m 16s
1600:	learn: 20177.1897744	test: 22283.6102704	best: 22283.6102704 (1600)	total: 2m 24s	remaining: 2m 6s
1700:	learn: 20004.8931651	test: 22226.9843491	best: 22226.9843491 (1700)	total: 2m 31s	remaining: 1m 55s
1800:	learn: 19833.8504754	test: 22184.1216929	best: 22184.1216929 (1800)	total: 2m 38s	remaining: 1m 45s
1900:	learn: 19661.6532108	test: 22135.0664490	best: 22135.0664490 (1900)	total: 2m 45s	remaining: 1m 35s
2000:	learn: 19510.2455375	test: 22096.8287140	best: 22096.7197843 (1999)	total: 2m 52s	remaining: 1m 26s
2100:	learn: 19383.3221452	test: 22068.6446574	best: 22068.5245109 (2099)	total: 3m	remaining: 1m 17s
2200:	learn: 19255.6018537	test: 22036.8721234	best: 22036.8721234 (2200)	total: 3m 7s	remaining: 1m 8s
2300:	learn: 19127.5584462	test: 22009.4391734	best: 22009.2344490 (2299)	total: 3m 15s	remaining: 59.3s
2400:	learn: 19011.0986386	test: 21986.9739496	best: 21986.8804366 (2398)	total: 3m 23s	remaining: 50.8s
2500:	learn: 18887.1102551	test: 21964.6568051	best: 21964.5434163 (2499)	total: 3m 31s	remaining: 42.2s
2600:	learn: 18766.8519260	test: 21945.8921079	best: 21945.8921079 (2600)	total: 3m 39s	remaining: 33.7s
2700:	learn: 18652.6853176	test: 21930.3018664	best: 21930.3018664 (2700)	total: 3m 52s	remaining: 25.7s
2800:	learn: 18545.8018319	test: 21912.0980107	best: 21912.0980107 (2800)	total: 4m 4s	remaining: 17.4s
2900:	learn: 18441.6426473	test: 21896.0501114	best: 21895.8239803 (2899)	total: 4m 14s	remaining: 8.69s
2999:	learn: 18334.2258341	test: 21881.8994323	best: 21881.8994323 (2999)	total: 4m 25s	remaining: 0us

bestTest = 21881.89943
bestIteration = 2999

Fold 5 RMSE: 21881.90

Mean CV RMSE: 21861.69 +/- 132.86

Exporting predictions...
Predictions saved to /home/hoa_im_eng/NTU-DS4-M3-CAPSTONE-TEAM7-2/output
