/home/hoa_im_eng/NTU-DS4-M3-CAPSTONE-TEAM7-2/src/validation.py:60: FutureWarning: The default of observed=False is deprecated and will be changed to True in a future version of pandas. Pass observed=False to retain current behavior or observed=True to adopt the future default and silence this warning.
  sum_target = y_tr.groupby(X_tr[col]).transform('sum')
/home/hoa_im_eng/NTU-DS4-M3-CAPSTONE-TEAM7-2/src/validation.py:61: FutureWarning: The default of observed=False is deprecated and will be changed to True in a future version of pandas. Pass observed=False to retain current behavior or observed=True to adopt the future default and silence this warning.
  count_target = y_tr.groupby(X_tr[col]).transform('count')
/home/hoa_im_eng/NTU-DS4-M3-CAPSTONE-TEAM7-2/src/validation.py:69: FutureWarning: The default of observed=False is deprecated and will be changed to True in a future version of pandas. Pass observed=False to retain current behavior or observed=True to adopt the future default and silence this warning.
  mean_target = y_tr.groupby(X_tr[col]).mean()
/home/hoa_im_eng/NTU-DS4-M3-CAPSTONE-TEAM7-2/src/validation.py:60: FutureWarning: The default of observed=False is deprecated and will be changed to True in a future version of pandas. Pass observed=False to retain current behavior or observed=True to adopt the future default and silence this warning.
  sum_target = y_tr.groupby(X_tr[col]).transform('sum')
/home/hoa_im_eng/NTU-DS4-M3-CAPSTONE-TEAM7-2/src/validation.py:61: FutureWarning: The default of observed=False is deprecated and will be changed to True in a future version of pandas. Pass observed=False to retain current behavior or observed=True to adopt the future default and silence this warning.
  count_target = y_tr.groupby(X_tr[col]).transform('count')
/home/hoa_im_eng/NTU-DS4-M3-CAPSTONE-TEAM7-2/src/validation.py:69: FutureWarning: The default of observed=False is deprecated and will be changed to True in a future version of pandas. Pass observed=False to retain current behavior or observed=True to adopt the future default and silence this warning.
  mean_target = y_tr.groupby(X_tr[col]).mean()
/home/hoa_im_eng/NTU-DS4-M3-CAPSTONE-TEAM7-2/src/validation.py:60: FutureWarning: The default of observed=False is deprecated and will be changed to True in a future version of pandas. Pass observed=False to retain current behavior or observed=True to adopt the future default and silence this warning.
  sum_target = y_tr.groupby(X_tr[col]).transform('sum')
/home/hoa_im_eng/NTU-DS4-M3-CAPSTONE-TEAM7-2/src/validation.py:61: FutureWarning: The default of observed=False is deprecated and will be changed to True in a future version of pandas. Pass observed=False to retain current behavior or observed=True to adopt the future default and silence this warning.
  count_target = y_tr.groupby(X_tr[col]).transform('count')
/home/hoa_im_eng/NTU-DS4-M3-CAPSTONE-TEAM7-2/src/validation.py:69: FutureWarning: The default of observed=False is deprecated and will be changed to True in a future version of pandas. Pass observed=False to retain current behavior or observed=True to adopt the future default and silence this warning.
  mean_target = y_tr.groupby(X_tr[col]).mean()
/home/hoa_im_eng/NTU-DS4-M3-CAPSTONE-TEAM7-2/src/validation.py:60: FutureWarning: The default of observed=False is deprecated and will be changed to True in a future version of pandas. Pass observed=False to retain current behavior or observed=True to adopt the future default and silence this warning.
  sum_target = y_tr.groupby(X_tr[col]).transform('sum')
/home/hoa_im_eng/NTU-DS4-M3-CAPSTONE-TEAM7-2/src/validation.py:61: FutureWarning: The default of observed=False is deprecated and will be changed to True in a future version of pandas. Pass observed=False to retain current behavior or observed=True to adopt the future default and silence this warning.
  count_target = y_tr.groupby(X_tr[col]).transform('count')
/home/hoa_im_eng/NTU-DS4-M3-CAPSTONE-TEAM7-2/src/validation.py:69: FutureWarning: The default of observed=False is deprecated and will be changed to True in a future version of pandas. Pass observed=False to retain current behavior or observed=True to adopt the future default and silence this warning.
  mean_target = y_tr.groupby(X_tr[col]).mean()
/home/hoa_im_eng/NTU-DS4-M3-CAPSTONE-TEAM7-2/src/validation.py:60: FutureWarning: The default of observed=False is deprecated and will be changed to True in a future version of pandas. Pass observed=False to retain current behavior or observed=True to adopt the future default and silence this warning.
  sum_target = y_tr.groupby(X_tr[col]).transform('sum')
/home/hoa_im_eng/NTU-DS4-M3-CAPSTONE-TEAM7-2/src/validation.py:61: FutureWarning: The default of observed=False is deprecated and will be changed to True in a future version of pandas. Pass observed=False to retain current behavior or observed=True to adopt the future default and silence this warning.
  count_target = y_tr.groupby(X_tr[col]).transform('count')
/home/hoa_im_eng/NTU-DS4-M3-CAPSTONE-TEAM7-2/src/validation.py:69: FutureWarning: The default of observed=False is deprecated and will be changed to True in a future version of pandas. Pass observed=False to retain current behavior or observed=True to adopt the future default and silence this warning.
  mean_target = y_tr.groupby(X_tr[col]).mean()
/home/hoa_im_eng/NTU-DS4-M3-CAPSTONE-TEAM7-2/src/validation.py:60: FutureWarning: The default of observed=False is deprecated and will be changed to True in a future version of pandas. Pass observed=False to retain current behavior or observed=True to adopt the future default and silence this warning.
  sum_target = y_tr.groupby(X_tr[col]).transform('sum')
/home/hoa_im_eng/NTU-DS4-M3-CAPSTONE-TEAM7-2/src/validation.py:61: FutureWarning: The default of observed=False is deprecated and will be changed to True in a future version of pandas. Pass observed=False to retain current behavior or observed=True to adopt the future default and silence this warning.
  count_target = y_tr.groupby(X_tr[col]).transform('count')
/home/hoa_im_eng/NTU-DS4-M3-CAPSTONE-TEAM7-2/src/validation.py:69: FutureWarning: The default of observed=False is deprecated and will be changed to True in a future version of pandas. Pass observed=False to retain current behavior or observed=True to adopt the future default and silence this warning.
  mean_target = y_tr.groupby(X_tr[col]).mean()
/home/hoa_im_eng/NTU-DS4-M3-CAPSTONE-TEAM7-2/src/validation.py:60: FutureWarning: The default of observed=False is deprecated and will be changed to True in a future version of pandas. Pass observed=False to retain current behavior or observed=True to adopt the future default and silence this warning.
  sum_target = y_tr.groupby(X_tr[col]).transform('sum')
/home/hoa_im_eng/NTU-DS4-M3-CAPSTONE-TEAM7-2/src/validation.py:61: FutureWarning: The default of observed=False is deprecated and will be changed to True in a future version of pandas. Pass observed=False to retain current behavior or observed=True to adopt the future default and silence this warning.
  count_target = y_tr.groupby(X_tr[col]).transform('count')
/home/hoa_im_eng/NTU-DS4-M3-CAPSTONE-TEAM7-2/src/validation.py:69: FutureWarning: The default of observed=False is deprecated and will be changed to True in a future version of pandas. Pass observed=False to retain current behavior or observed=True to adopt the future default and silence this warning.
  mean_target = y_tr.groupby(X_tr[col]).mean()
/home/hoa_im_eng/NTU-DS4-M3-CAPSTONE-TEAM7-2/src/validation.py:60: FutureWarning: The default of observed=False is deprecated and will be changed to True in a future version of pandas. Pass observed=False to retain current behavior or observed=True to adopt the future default and silence this warning.
  sum_target = y_tr.groupby(X_tr[col]).transform('sum')
/home/hoa_im_eng/NTU-DS4-M3-CAPSTONE-TEAM7-2/src/validation.py:61: FutureWarning: The default of observed=False is deprecated and will be changed to True in a future version of pandas. Pass observed=False to retain current behavior or observed=True to adopt the future default and silence this warning.
  count_target = y_tr.groupby(X_tr[col]).transform('count')
/home/hoa_im_eng/NTU-DS4-M3-CAPSTONE-TEAM7-2/src/validation.py:69: FutureWarning: The default of observed=False is deprecated and will be changed to True in a future version of pandas. Pass observed=False to retain current behavior or observed=True to adopt the future default and silence this warning.
  mean_target = y_tr.groupby(X_tr[col]).mean()
/home/hoa_im_eng/NTU-DS4-M3-CAPSTONE-TEAM7-2/src/validation.py:60: FutureWarning: The default of observed=False is deprecated and will be changed to True in a future version of pandas. Pass observed=False to retain current behavior or observed=True to adopt the future default and silence this warning.
  sum_target = y_tr.groupby(X_tr[col]).transform('sum')
/home/hoa_im_eng/NTU-DS4-M3-CAPSTONE-TEAM7-2/src/validation.py:61: FutureWarning: The default of observed=False is deprecated and will be changed to True in a future version of pandas. Pass observed=False to retain current behavior or observed=True to adopt the future default and silence this warning.
  count_target = y_tr.groupby(X_tr[col]).transform('count')
/home/hoa_im_eng/NTU-DS4-M3-CAPSTONE-TEAM7-2/src/validation.py:69: FutureWarning: The default of observed=False is deprecated and will be changed to True in a future version of pandas. Pass observed=False to retain current behavior or observed=True to adopt the future default and silence this warning.
  mean_target = y_tr.groupby(X_tr[col]).mean()
/home/hoa_im_eng/NTU-DS4-M3-CAPSTONE-TEAM7-2/src/validation.py:60: FutureWarning: The default of observed=False is deprecated and will be changed to True in a future version of pandas. Pass observed=False to retain current behavior or observed=True to adopt the future default and silence this warning.
  sum_target = y_tr.groupby(X_tr[col]).transform('sum')
/home/hoa_im_eng/NTU-DS4-M3-CAPSTONE-TEAM7-2/src/validation.py:61: FutureWarning: The default of observed=False is deprecated and will be changed to True in a future version of pandas. Pass observed=False to retain current behavior or observed=True to adopt the future default and silence this warning.
  count_target = y_tr.groupby(X_tr[col]).transform('count')
/home/hoa_im_eng/NTU-DS4-M3-CAPSTONE-TEAM7-2/src/validation.py:69: FutureWarning: The default of observed=False is deprecated and will be changed to True in a future version of pandas. Pass observed=False to retain current behavior or observed=True to adopt the future default and silence this warning.
  mean_target = y_tr.groupby(X_tr[col]).mean()
/home/hoa_im_eng/NTU-DS4-M3-CAPSTONE-TEAM7-2/src/validation.py:60: FutureWarning: The default of observed=False is deprecated and will be changed to True in a future version of pandas. Pass observed=False to retain current behavior or observed=True to adopt the future default and silence this warning.
  sum_target = y_tr.groupby(X_tr[col]).transform('sum')
/home/hoa_im_eng/NTU-DS4-M3-CAPSTONE-TEAM7-2/src/validation.py:61: FutureWarning: The default of observed=False is deprecated and will be changed to True in a future version of pandas. Pass observed=False to retain current behavior or observed=True to adopt the future default and silence this warning.
  count_target = y_tr.groupby(X_tr[col]).transform('count')
/home/hoa_im_eng/NTU-DS4-M3-CAPSTONE-TEAM7-2/src/validation.py:69: FutureWarning: The default of observed=False is deprecated and will be changed to True in a future version of pandas. Pass observed=False to retain current behavior or observed=True to adopt the future default and silence this warning.
  mean_target = y_tr.groupby(X_tr[col]).mean()
/home/hoa_im_eng/NTU-DS4-M3-CAPSTONE-TEAM7-2/src/validation.py:60: FutureWarning: The default of observed=False is deprecated and will be changed to True in a future version of pandas. Pass observed=False to retain current behavior or observed=True to adopt the future default and silence this warning.
  sum_target = y_tr.groupby(X_tr[col]).transform('sum')
/home/hoa_im_eng/NTU-DS4-M3-CAPSTONE-TEAM7-2/src/validation.py:61: FutureWarning: The default of observed=False is deprecated and will be changed to True in a future version of pandas. Pass observed=False to retain current behavior or observed=True to adopt the future default and silence this warning.
  count_target = y_tr.groupby(X_tr[col]).transform('count')
/home/hoa_im_eng/NTU-DS4-M3-CAPSTONE-TEAM7-2/src/validation.py:69: FutureWarning: The default of observed=False is deprecated and will be changed to True in a future version of pandas. Pass observed=False to retain current behavior or observed=True to adopt the future default and silence this warning.
  mean_target = y_tr.groupby(X_tr[col]).mean()
/home/hoa_im_eng/NTU-DS4-M3-CAPSTONE-TEAM7-2/src/validation.py:60: FutureWarning: The default of observed=False is deprecated and will be changed to True in a future version of pandas. Pass observed=False to retain current behavior or observed=True to adopt the future default and silence this warning.
  sum_target = y_tr.groupby(X_tr[col]).transform('sum')
/home/hoa_im_eng/NTU-DS4-M3-CAPSTONE-TEAM7-2/src/validation.py:61: FutureWarning: The default of observed=False is deprecated and will be changed to True in a future version of pandas. Pass observed=False to retain current behavior or observed=True to adopt the future default and silence this warning.
  count_target = y_tr.groupby(X_tr[col]).transform('count')
/home/hoa_im_eng/NTU-DS4-M3-CAPSTONE-TEAM7-2/src/validation.py:69: FutureWarning: The default of observed=False is deprecated and will be changed to True in a future version of pandas. Pass observed=False to retain current behavior or observed=True to adopt the future default and silence this warning.
  mean_target = y_tr.groupby(X_tr[col]).mean()
/home/hoa_im_eng/NTU-DS4-M3-CAPSTONE-TEAM7-2/src/validation.py:60: FutureWarning: The default of observed=False is deprecated and will be changed to True in a future version of pandas. Pass observed=False to retain current behavior or observed=True to adopt the future default and silence this warning.
  sum_target = y_tr.groupby(X_tr[col]).transform('sum')
/home/hoa_im_eng/NTU-DS4-M3-CAPSTONE-TEAM7-2/src/validation.py:61: FutureWarning: The default of observed=False is deprecated and will be changed to True in a future version of pandas. Pass observed=False to retain current behavior or observed=True to adopt the future default and silence this warning.
  count_target = y_tr.groupby(X_tr[col]).transform('count')
/home/hoa_im_eng/NTU-DS4-M3-CAPSTONE-TEAM7-2/src/validation.py:69: FutureWarning: The default of observed=False is deprecated and will be changed to True in a future version of pandas. Pass observed=False to retain current behavior or observed=True to adopt the future default and silence this warning.
  mean_target = y_tr.groupby(X_tr[col]).mean()
/home/hoa_im_eng/NTU-DS4-M3-CAPSTONE-TEAM7-2/src/validation.py:60: FutureWarning: The default of observed=False is deprecated and will be changed to True in a future version of pandas. Pass observed=False to retain current behavior or observed=True to adopt the future default and silence this warning.
  sum_target = y_tr.groupby(X_tr[col]).transform('sum')
/home/hoa_im_eng/NTU-DS4-M3-CAPSTONE-TEAM7-2/src/validation.py:61: FutureWarning: The default of observed=False is deprecated and will be changed to True in a future version of pandas. Pass observed=False to retain current behavior or observed=True to adopt the future default and silence this warning.
  count_target = y_tr.groupby(X_tr[col]).transform('count')
/home/hoa_im_eng/NTU-DS4-M3-CAPSTONE-TEAM7-2/src/validation.py:69: FutureWarning: The default of observed=False is deprecated and will be changed to True in a future version of pandas. Pass observed=False to retain current behavior or observed=True to adopt the future default and silence this warning.
  mean_target = y_tr.groupby(X_tr[col]).mean()
Loading data...
Train set shape: (150634, 77)
Test set shape: (16737, 76)
Preprocessing data...
Starting 5-Fold Stratified CV with LightGBM...
--- Fold 1 ---
Fold 1 RMSE: 22967.77
--- Fold 2 ---
Fold 2 RMSE: 22395.64
--- Fold 3 ---
Fold 3 RMSE: 22618.45
--- Fold 4 ---
Fold 4 RMSE: 22839.34
--- Fold 5 ---
Fold 5 RMSE: 22608.33

Mean CV RMSE: 22685.90 +/- 198.90

Exporting predictions...
Predictions saved to /home/hoa_im_eng/NTU-DS4-M3-CAPSTONE-TEAM7-2/output
